// Jest Snapshot v1, https://goo.gl/fbAQLP

exports[`Pruebas en GifItem debe de hacer match con el snapshot 1`] = `
<div>
  <div
    class="card"
  >
    <img
      alt="TitleTest"
      src="https://localhost/algo.jpg"
    />
    <p>
      TitleTest
    </p>
    <button
      id="copyURLButton"
    >
      Copy URL
    </button>
  </div>
</div>
`;
